{
  "primary": {
    "n": 32,
    "mean": 0.0036029802058244204,
    "se": 0.00023636022543394234,
    "low": 0.0031397226765961252,
    "high": 0.004066237735052715
  },
  "recovered": 3,
  "rules": 6,
  "figures": 13
}
{
  "primary": {
    "n": 32,
    "mean": 0.0036029802058244204,
    "se": 0.00023636022543394234,
    "low": 0.0031397226765961252,
    "high": 0.004066237735052715
  },
  "recovered": 3,
  "rules": 6,
  "figures": 13
}
{
  "primary": {
    "n": 32,
    "mean": 0.0036029802058244204,
    "se": 0.00023636022543394234,
    "low": 0.0031397226765961252,
    "high": 0.004066237735052715
  },
  "recovered": 3,
  "rules": 6,
  "figures": 13
}
'created' timestamp seems very low; regarding as unix timestamp
'modified' timestamp seems very low; regarding as unix timestamp
'created' timestamp seems very low; regarding as unix timestamp
'modified' timestamp seems very low; regarding as unix timestamp
'created' timestamp seems very low; regarding as unix timestamp
'modified' timestamp seems very low; regarding as unix timestamp
'created' timestamp seems very low; regarding as unix timestamp
'modified' timestamp seems very low; regarding as unix timestamp
'created' timestamp seems very low; regarding as unix timestamp
'modified' timestamp seems very low; regarding as unix timestamp
'created' timestamp seems very low; regarding as unix timestamp
'modified' timestamp seems very low; regarding as unix timestamp
'created' timestamp seems very low; regarding as unix timestamp
'modified' timestamp seems very low; regarding as unix timestamp
'created' timestamp seems very low; regarding as unix timestamp
'modified' timestamp seems very low; regarding as unix timestamp
'created' timestamp seems very low; regarding as unix timestamp
'modified' timestamp seems very low; regarding as unix timestamp
'created' timestamp seems very low; regarding as unix timestamp
'modified' timestamp seems very low; regarding as unix timestamp
'created' timestamp seems very low; regarding as unix timestamp
'modified' timestamp seems very low; regarding as unix timestamp
'created' timestamp seems very low; regarding as unix timestamp
'modified' timestamp seems very low; regarding as unix timestamp
'created' timestamp seems very low; regarding as unix timestamp
'modified' timestamp seems very low; regarding as unix timestamp
'created' timestamp seems very low; regarding as unix timestamp
'modified' timestamp seems very low; regarding as unix timestamp
{
  "primary": {
    "n": 32,
    "mean": 0.0036029802058244204,
    "se": 0.00023636022543394234,
    "low": 0.0031397226765961252,
    "high": 0.004066237735052715
  },
  "recovered": 3,
  "rules": 6,
  "figures": 13
}
'created' timestamp seems very low; regarding as unix timestamp
'modified' timestamp seems very low; regarding as unix timestamp
'created' timestamp seems very low; regarding as unix timestamp
'modified' timestamp seems very low; regarding as unix timestamp
'created' timestamp seems very low; regarding as unix timestamp
'modified' timestamp seems very low; regarding as unix timestamp
'created' timestamp seems very low; regarding as unix timestamp
'modified' timestamp seems very low; regarding as unix timestamp
'created' timestamp seems very low; regarding as unix timestamp
'modified' timestamp seems very low; regarding as unix timestamp
'created' timestamp seems very low; regarding as unix timestamp
'modified' timestamp seems very low; regarding as unix timestamp
'created' timestamp seems very low; regarding as unix timestamp
'modified' timestamp seems very low; regarding as unix timestamp
'created' timestamp seems very low; regarding as unix timestamp
'modified' timestamp seems very low; regarding as unix timestamp
'created' timestamp seems very low; regarding as unix timestamp
'modified' timestamp seems very low; regarding as unix timestamp
'created' timestamp seems very low; regarding as unix timestamp
'modified' timestamp seems very low; regarding as unix timestamp
'created' timestamp seems very low; regarding as unix timestamp
'modified' timestamp seems very low; regarding as unix timestamp
'created' timestamp seems very low; regarding as unix timestamp
'modified' timestamp seems very low; regarding as unix timestamp
'created' timestamp seems very low; regarding as unix timestamp
'modified' timestamp seems very low; regarding as unix timestamp
'created' timestamp seems very low; regarding as unix timestamp
'modified' timestamp seems very low; regarding as unix timestamp
{
  "primary": {
    "n": 32,
    "mean": 0.0036029802058244204,
    "se": 0.00023636022543394234,
    "low": 0.0031397226765961252,
    "high": 0.004066237735052715
  },
  "recovered": 3,
  "rules": 6,
  "figures": 13
}
'created' timestamp seems very low; regarding as unix timestamp
'modified' timestamp seems very low; regarding as unix timestamp
'created' timestamp seems very low; regarding as unix timestamp
'modified' timestamp seems very low; regarding as unix timestamp
'created' timestamp seems very low; regarding as unix timestamp
'modified' timestamp seems very low; regarding as unix timestamp
'created' timestamp seems very low; regarding as unix timestamp
'modified' timestamp seems very low; regarding as unix timestamp
'created' timestamp seems very low; regarding as unix timestamp
'modified' timestamp seems very low; regarding as unix timestamp
'created' timestamp seems very low; regarding as unix timestamp
'modified' timestamp seems very low; regarding as unix timestamp
'created' timestamp seems very low; regarding as unix timestamp
'modified' timestamp seems very low; regarding as unix timestamp
'created' timestamp seems very low; regarding as unix timestamp
'modified' timestamp seems very low; regarding as unix timestamp
'created' timestamp seems very low; regarding as unix timestamp
'modified' timestamp seems very low; regarding as unix timestamp
'created' timestamp seems very low; regarding as unix timestamp
'modified' timestamp seems very low; regarding as unix timestamp
'created' timestamp seems very low; regarding as unix timestamp
'modified' timestamp seems very low; regarding as unix timestamp
'created' timestamp seems very low; regarding as unix timestamp
'modified' timestamp seems very low; regarding as unix timestamp
'created' timestamp seems very low; regarding as unix timestamp
'modified' timestamp seems very low; regarding as unix timestamp
'created' timestamp seems very low; regarding as unix timestamp
'modified' timestamp seems very low; regarding as unix timestamp
{
  "primary": {
    "n": 32,
    "mean": 0.0036029802058244204,
    "se": 0.00023636022543394234,
    "low": 0.0031397226765961252,
    "high": 0.004066237735052715
  },
  "recovered": 3,
  "rules": 6,
  "figures": 13
}
'created' timestamp seems very low; regarding as unix timestamp
'modified' timestamp seems very low; regarding as unix timestamp
'created' timestamp seems very low; regarding as unix timestamp
'modified' timestamp seems very low; regarding as unix timestamp
'created' timestamp seems very low; regarding as unix timestamp
'modified' timestamp seems very low; regarding as unix timestamp
'created' timestamp seems very low; regarding as unix timestamp
'modified' timestamp seems very low; regarding as unix timestamp
'created' timestamp seems very low; regarding as unix timestamp
'modified' timestamp seems very low; regarding as unix timestamp
'created' timestamp seems very low; regarding as unix timestamp
'modified' timestamp seems very low; regarding as unix timestamp
'created' timestamp seems very low; regarding as unix timestamp
'modified' timestamp seems very low; regarding as unix timestamp
'created' timestamp seems very low; regarding as unix timestamp
'modified' timestamp seems very low; regarding as unix timestamp
'created' timestamp seems very low; regarding as unix timestamp
'modified' timestamp seems very low; regarding as unix timestamp
'created' timestamp seems very low; regarding as unix timestamp
'modified' timestamp seems very low; regarding as unix timestamp
'created' timestamp seems very low; regarding as unix timestamp
'modified' timestamp seems very low; regarding as unix timestamp
'created' timestamp seems very low; regarding as unix timestamp
'modified' timestamp seems very low; regarding as unix timestamp
'created' timestamp seems very low; regarding as unix timestamp
'modified' timestamp seems very low; regarding as unix timestamp
'created' timestamp seems very low; regarding as unix timestamp
'modified' timestamp seems very low; regarding as unix timestamp
{
  "primary": {
    "n": 32,
    "mean": 0.0036029802058244204,
    "se": 0.00023636022543394234,
    "low": 0.0031397226765961252,
    "high": 0.004066237735052715
  },
  "recovered": 3,
  "rules": 6,
  "figures": 13
}
