{
  "run_path": "/Users/akira/dams-simulation/runs/revision-v2/smoke/20261007T145034-smoke-9e376213745c",
  "status": "complete",
  "summary": {
    "decision_errors": 3.0,
    "decisions_completed": 36.0,
    "max_individual_time_booked_hours": 1.0,
    "produced_work_units": 184.5211614471758,
    "effort_hours": 158.2404381252714,
    "cooperation_units": 90.53494375255896,
    "decision_regret_units": 0.6115986985628733,
    "backlog_peak_records": 73,
    "review_hours": 23.10000000000006,
    "verification_resource_units": 0.0,
    "reviews_rejected": 35.0,
    "fraudulent_records_detected": 0.0,
    "honest_records_rejected": 35.0,
    "confirmed_records": 180.0,
    "fraudulent_records_accepted": 0.0,
    "model_version": "0.1.0",
    "world": 0,
    "regime": "sublinear",
    "backend": "central",
    "attack": "none",
    "n": 24,
    "days_completed": 12,
    "update_interval_days": 1,
    "confirmation_mean_days": 2.6,
    "confirmation_p95_days": 3.0,
    "appeal_mean_days": null,
    "unfinished_records": 73,
    "unfinished_appeals": 5,
    "last_authority_contribution_tv": 0.040007671160345225,
    "last_signed_gini_gap": -0.04820022556858591
  }
}
{
  "run_path": "/Users/akira/dams-simulation/runs/revision-v2/smoke/20261007T145158-smoke-5df8a032b5d2",
  "status": "complete",
  "summary": {
    "decision_errors": 3.0,
    "decisions_completed": 36.0,
    "max_individual_time_booked_hours": 1.0,
    "produced_work_units": 184.5211614471758,
    "effort_hours": 158.2404381252714,
    "cooperation_units": 90.53494375255896,
    "decision_regret_units": 0.6115986985628733,
    "backlog_peak_records": 73,
    "review_hours": 23.10000000000006,
    "verification_resource_units": 0.0,
    "reviews_rejected": 35.0,
    "fraudulent_records_detected": 0.0,
    "honest_records_rejected": 35.0,
    "confirmed_records": 180.0,
    "fraudulent_records_accepted": 0.0,
    "model_version": "0.1.0",
    "world": 0,
    "regime": "sublinear",
    "backend": "central",
    "attack": "none",
    "n": 24,
    "days_completed": 12,
    "update_interval_days": 1,
    "confirmation_mean_days": 2.6,
    "confirmation_p95_days": 3.0,
    "appeal_mean_days": null,
    "unfinished_records": 73,
    "unfinished_appeals": 5,
    "last_authority_contribution_tv": 0.040007671160345225,
    "last_signed_gini_gap": -0.04820022556858591
  }
}
{
  "run_path": "/Users/akira/dams-simulation/runs/revision-v2/smoke/20261007T145527-smoke-53d08658ed09",
  "status": "complete",
  "summary": {
    "decision_errors": 3.0,
    "decisions_completed": 36.0,
    "max_individual_time_booked_hours": 1.0,
    "produced_work_units": 184.5211614471758,
    "effort_hours": 158.2404381252714,
    "cooperation_units": 90.53494375255896,
    "decision_regret_units": 0.6115986985628733,
    "backlog_peak_records": 73,
    "review_hours": 23.10000000000006,
    "verification_resource_units": 0.0,
    "reviews_rejected": 35.0,
    "fraudulent_records_detected": 0.0,
    "honest_records_rejected": 35.0,
    "confirmed_records": 180.0,
    "fraudulent_records_accepted": 0.0,
    "model_version": "0.1.0",
    "world": 0,
    "regime": "sublinear",
    "backend": "central",
    "attack": "none",
    "n": 24,
    "days_completed": 12,
    "update_interval_days": 1,
    "confirmation_mean_days": 2.6,
    "confirmation_p95_days": 3.0,
    "appeal_mean_days": null,
    "unfinished_records": 73,
    "unfinished_appeals": 5,
    "last_authority_contribution_tv": 0.040007671160345225,
    "last_signed_gini_gap": -0.04820022556858591
  }
}
{
  "run_path": "/Users/akira/dams-simulation/runs/revision-v2/smoke/20261007T152133-smoke-720f547bcec9",
  "status": "complete",
  "summary": {
    "decision_errors": 3.0,
    "decisions_completed": 36.0,
    "max_individual_time_booked_hours": 1.0,
    "produced_work_units": 184.5211614471758,
    "effort_hours": 158.2404381252714,
    "cooperation_units": 90.53494375255896,
    "decision_regret_units": 0.6115986985628733,
    "backlog_peak_records": 73,
    "review_hours": 23.10000000000006,
    "verification_resource_units": 0.0,
    "reviews_rejected": 35.0,
    "fraudulent_records_detected": 0.0,
    "honest_records_rejected": 35.0,
    "confirmed_records": 180.0,
    "fraudulent_records_accepted": 0.0,
    "model_version": "0.1.0",
    "world": 0,
    "regime": "sublinear",
    "backend": "central",
    "attack": "none",
    "n": 24,
    "days_completed": 12,
    "update_interval_days": 1,
    "confirmation_mean_days": 2.6,
    "confirmation_p95_days": 3.0,
    "appeal_mean_days": null,
    "unfinished_records": 73,
    "unfinished_appeals": 5,
    "last_authority_contribution_tv": 0.040007671160345225,
    "last_signed_gini_gap": -0.04820022556858591
  }
}
{
  "run_path": "/Users/akira/dams-simulation/runs/revision-v2/smoke/20261007T152916-smoke-9829a3c6bbc5",
  "status": "complete",
  "summary": {
    "decision_errors": 3.0,
    "decisions_completed": 36.0,
    "max_individual_time_booked_hours": 1.0,
    "produced_work_units": 184.5211614471758,
    "effort_hours": 158.2404381252714,
    "cooperation_units": 90.53494375255896,
    "decision_regret_units": 0.6115986985628733,
    "backlog_peak_records": 73,
    "review_hours": 23.10000000000006,
    "verification_resource_units": 0.0,
    "reviews_rejected": 35.0,
    "fraudulent_records_detected": 0.0,
    "honest_records_rejected": 35.0,
    "confirmed_records": 180.0,
    "fraudulent_records_accepted": 0.0,
    "model_version": "0.1.0",
    "world": 0,
    "regime": "sublinear",
    "backend": "central",
    "attack": "none",
    "n": 24,
    "days_completed": 12,
    "update_interval_days": 1,
    "confirmation_mean_days": 2.6,
    "confirmation_p95_days": 3.0,
    "appeal_mean_days": null,
    "unfinished_records": 73,
    "unfinished_appeals": 5,
    "last_authority_contribution_tv": 0.040007671160345225,
    "last_signed_gini_gap": -0.04820022556858591
  }
}
{
  "run_path": "/Users/akira/dams-simulation/runs/revision-v2/smoke/20261007T153349-smoke-346ae8c8a78e",
  "status": "complete",
  "summary": {
    "decision_errors": 3.0,
    "decisions_completed": 36.0,
    "max_individual_time_booked_hours": 1.0,
    "produced_work_units": 184.5211614471758,
    "effort_hours": 158.2404381252714,
    "cooperation_units": 90.53494375255896,
    "decision_regret_units": 0.6115986985628733,
    "backlog_peak_records": 73,
    "review_hours": 23.10000000000006,
    "verification_resource_units": 0.0,
    "reviews_rejected": 35.0,
    "fraudulent_records_detected": 0.0,
    "honest_records_rejected": 35.0,
    "confirmed_records": 180.0,
    "fraudulent_records_accepted": 0.0,
    "model_version": "0.1.0",
    "world": 0,
    "regime": "sublinear",
    "backend": "central",
    "attack": "none",
    "n": 24,
    "days_completed": 12,
    "update_interval_days": 1,
    "confirmation_mean_days": 2.6,
    "confirmation_p95_days": 3.0,
    "appeal_mean_days": null,
    "unfinished_records": 73,
    "unfinished_appeals": 5,
    "last_authority_contribution_tv": 0.040007671160345225,
    "last_signed_gini_gap": -0.04820022556858591
  }
}
{
  "run_path": "/Users/akira/dams-simulation/runs/revision-v2/smoke/20261007T153759-smoke-3348a3ca6396",
  "status": "complete",
  "summary": {
    "decision_errors": 3.0,
    "decisions_completed": 36.0,
    "max_individual_time_booked_hours": 1.0,
    "produced_work_units": 184.5211614471758,
    "effort_hours": 158.2404381252714,
    "cooperation_units": 90.53494375255896,
    "decision_regret_units": 0.6115986985628733,
    "backlog_peak_records": 73,
    "review_hours": 23.10000000000006,
    "verification_resource_units": 0.0,
    "reviews_rejected": 35.0,
    "fraudulent_records_detected": 0.0,
    "honest_records_rejected": 35.0,
    "confirmed_records": 180.0,
    "fraudulent_records_accepted": 0.0,
    "model_version": "0.1.0",
    "world": 0,
    "regime": "sublinear",
    "backend": "central",
    "attack": "none",
    "n": 24,
    "days_completed": 12,
    "update_interval_days": 1,
    "confirmation_mean_days": 2.6,
    "confirmation_p95_days": 3.0,
    "appeal_mean_days": null,
    "unfinished_records": 73,
    "unfinished_appeals": 5,
    "last_authority_contribution_tv": 0.040007671160345225,
    "last_signed_gini_gap": -0.04820022556858591
  }
}
